[main] INFO net.openhft.chronicle.core.Jvm - Chronicle core loaded from file:/home/peter/.m2/repository/net/openhft/chronicle-core/2026.7-SNAPSHOT/chronicle-core-2026.7-SNAPSHOT.jar
java=21.0.12+8-1-24.04-Ubuntu os=amd64 options=[-Xbatch, -Xms256m, -Xmx256m, -XX:ActiveProcessorCount=4, --add-exports=java.base/jdk.internal.misc=ALL-UNNAMED, --add-exports=java.base/jdk.internal.ref=ALL-UNNAMED, --add-exports=java.base/jdk.internal.util=ALL-UNNAMED, --add-exports=java.base/sun.nio.ch=ALL-UNNAMED, --add-exports=jdk.compiler/com.sun.tools.javac.file=ALL-UNNAMED, --add-exports=jdk.unsupported/sun.misc=ALL-UNNAMED, --add-opens=java.base/java.io=ALL-UNNAMED, --add-opens=java.base/java.lang=ALL-UNNAMED, --add-opens=java.base/java.lang.reflect=ALL-UNNAMED, --add-opens=java.base/java.util=ALL-UNNAMED, --add-opens=jdk.compiler/com.sun.tools.javac=ALL-UNNAMED, -Drevision=129e9ae5ea7e034c59e89dd0b81cdeaf115422fb]
revision,cycle,operation,round,population,iterations,ns_per_op,bytes_per_op
[main] INFO net.openhft.chronicle.bytes.PageUtil - Found pageSize=2,097,152 for mount point '/dev/hugepages'
[main] INFO net.openhft.chronicle.bytes.internal.ChunkedMappedFile - Took 11 ms to add mapping for /tmp/queue-lookup-audit-6261810235645050733/metadata.cq4t
[main] INFO net.openhft.chronicle.threads.DiskSpaceMonitor - Took 1.792 ms to pollDiskSpace for /tmp/queue-lookup-audit-6261810235645050733
[main] INFO net.openhft.chronicle.core.internal.announcer.InternalAnnouncer - Running under OpenJDK Runtime Environment 21.0.12+8-1-24.04-Ubuntu with 4 processors reported.
[main] INFO net.openhft.chronicle.core.internal.announcer.InternalAnnouncer - Leave your e-mail to get information about the latest releases and patches at https://chronicle.software/release-notes/
[main] INFO net.openhft.chronicle.core.internal.announcer.InternalAnnouncer - Process id: 36 :: Chronicle Queue (unknown)
[main] INFO net.openhft.chronicle.core.internal.announcer.InternalAnnouncer - Analytics: Chronicle Queue reports usage statistics. Learn more or turn off: https://github.com/OpenHFT/Chronicle-Queue/blob/ea/DISCLAIMER.adoc
129e9ae5ea7e034c59e89dd0b81cdeaf115422fb,HUGE_DAILY,document,1,50001,20000,197.39,0.00
129e9ae5ea7e034c59e89dd0b81cdeaf115422fb,HUGE_DAILY,document,2,70001,20000,742.26,0.00
129e9ae5ea7e034c59e89dd0b81cdeaf115422fb,HUGE_DAILY,document,3,90001,20000,113.15,0.00
129e9ae5ea7e034c59e89dd0b81cdeaf115422fb,HUGE_DAILY,document,4,110001,20000,1742.94,0.00
129e9ae5ea7e034c59e89dd0b81cdeaf115422fb,HUGE_DAILY,bytes,1,150001,20000,79.86,0.00
129e9ae5ea7e034c59e89dd0b81cdeaf115422fb,HUGE_DAILY,bytes,2,170001,20000,1982.71,0.06
129e9ae5ea7e034c59e89dd0b81cdeaf115422fb,HUGE_DAILY,bytes,3,190001,20000,63.31,0.00
129e9ae5ea7e034c59e89dd0b81cdeaf115422fb,HUGE_DAILY,bytes,4,210001,20000,83.26,0.00
129e9ae5ea7e034c59e89dd0b81cdeaf115422fb,HUGE_DAILY,toEnd,1,210001,5000,41.02,0.00
129e9ae5ea7e034c59e89dd0b81cdeaf115422fb,HUGE_DAILY,toEnd,2,210001,5000,38.92,0.00
129e9ae5ea7e034c59e89dd0b81cdeaf115422fb,HUGE_DAILY,toEnd,3,210001,5000,40.60,0.00
129e9ae5ea7e034c59e89dd0b81cdeaf115422fb,HUGE_DAILY,toEnd,4,210001,5000,41.18,0.00
[main] INFO net.openhft.chronicle.queue.impl.single.SCQIndexing - Took 21 ms to performClose
[main] INFO net.openhft.chronicle.queue.impl.single.StoreTailer - Took 21 ms to performClose
129e9ae5ea7e034c59e89dd0b81cdeaf115422fb,HUGE_DAILY,lastIndex,1,210001,5000,17084.75,4096.00
129e9ae5ea7e034c59e89dd0b81cdeaf115422fb,HUGE_DAILY,lastIndex,2,210001,5000,18206.37,4096.00
129e9ae5ea7e034c59e89dd0b81cdeaf115422fb,HUGE_DAILY,lastIndex,3,210001,5000,19721.50,4096.00
129e9ae5ea7e034c59e89dd0b81cdeaf115422fb,HUGE_DAILY,lastIndex,4,210001,5000,20185.39,4200.86
[main] INFO net.openhft.chronicle.queue.impl.single.SCQIndexing - Took 21 ms to performClose
129e9ae5ea7e034c59e89dd0b81cdeaf115422fb,HUGE_DAILY,count,1,210001,5000,13838.13,3160.18
129e9ae5ea7e034c59e89dd0b81cdeaf115422fb,HUGE_DAILY,count,2,210001,5000,8760.08,3182.11
129e9ae5ea7e034c59e89dd0b81cdeaf115422fb,HUGE_DAILY,count,3,210001,5000,8284.41,3178.64
129e9ae5ea7e034c59e89dd0b81cdeaf115422fb,HUGE_DAILY,count,4,210001,5000,8365.99,3160.00
129e9ae5ea7e034c59e89dd0b81cdeaf115422fb,HUGE_DAILY,moveNearTail,1,210001,5000,240.29,0.00
129e9ae5ea7e034c59e89dd0b81cdeaf115422fb,HUGE_DAILY,moveNearTail,2,210001,5000,238.02,0.00
129e9ae5ea7e034c59e89dd0b81cdeaf115422fb,HUGE_DAILY,moveNearTail,3,210001,5000,237.57,0.00
129e9ae5ea7e034c59e89dd0b81cdeaf115422fb,HUGE_DAILY,moveNearTail,4,210001,5000,237.94,0.00
