[main] INFO net.openhft.chronicle.core.Jvm - Chronicle core loaded from file:/home/peter/.m2/repository/net/openhft/chronicle-core/2026.7-SNAPSHOT/chronicle-core-2026.7-SNAPSHOT.jar
java=21.0.12+8-1-24.04-Ubuntu os=amd64 options=[-Xbatch, -Xms256m, -Xmx256m, -XX:ActiveProcessorCount=4, --add-exports=java.base/jdk.internal.misc=ALL-UNNAMED, --add-exports=java.base/jdk.internal.ref=ALL-UNNAMED, --add-exports=java.base/jdk.internal.util=ALL-UNNAMED, --add-exports=java.base/sun.nio.ch=ALL-UNNAMED, --add-exports=jdk.compiler/com.sun.tools.javac.file=ALL-UNNAMED, --add-exports=jdk.unsupported/sun.misc=ALL-UNNAMED, --add-opens=java.base/java.io=ALL-UNNAMED, --add-opens=java.base/java.lang=ALL-UNNAMED, --add-opens=java.base/java.lang.reflect=ALL-UNNAMED, --add-opens=java.base/java.util=ALL-UNNAMED, --add-opens=jdk.compiler/com.sun.tools.javac=ALL-UNNAMED, -Drevision=ff758d392b3b3fb0405ae69fa08e1388d7572597]
revision,cycle,operation,round,population,iterations,ns_per_op,bytes_per_op
[main] INFO net.openhft.chronicle.bytes.PageUtil - Found pageSize=2,097,152 for mount point '/dev/hugepages'
[main] INFO net.openhft.chronicle.bytes.internal.ChunkedMappedFile - Took 11 ms to add mapping for /tmp/queue-lookup-audit-4354158797542881098/metadata.cq4t
[main] INFO net.openhft.chronicle.threads.DiskSpaceMonitor - Took 1.815 ms to pollDiskSpace for /tmp/queue-lookup-audit-4354158797542881098
[main] INFO net.openhft.chronicle.core.internal.announcer.InternalAnnouncer - Running under OpenJDK Runtime Environment 21.0.12+8-1-24.04-Ubuntu with 4 processors reported.
[main] INFO net.openhft.chronicle.core.internal.announcer.InternalAnnouncer - Leave your e-mail to get information about the latest releases and patches at https://chronicle.software/release-notes/
[main] INFO net.openhft.chronicle.core.internal.announcer.InternalAnnouncer - Process id: 200 :: Chronicle Queue (unknown)
[main] INFO net.openhft.chronicle.core.internal.announcer.InternalAnnouncer - Analytics: Chronicle Queue reports usage statistics. Learn more or turn off: https://github.com/OpenHFT/Chronicle-Queue/blob/ea/DISCLAIMER.adoc
ff758d392b3b3fb0405ae69fa08e1388d7572597,HUGE_DAILY,document,1,50001,20000,202.74,0.00
ff758d392b3b3fb0405ae69fa08e1388d7572597,HUGE_DAILY,document,2,70001,20000,743.77,0.00
ff758d392b3b3fb0405ae69fa08e1388d7572597,HUGE_DAILY,document,3,90001,20000,118.84,0.00
ff758d392b3b3fb0405ae69fa08e1388d7572597,HUGE_DAILY,document,4,110001,20000,1776.05,0.00
ff758d392b3b3fb0405ae69fa08e1388d7572597,HUGE_DAILY,bytes,1,150001,20000,80.03,0.00
ff758d392b3b3fb0405ae69fa08e1388d7572597,HUGE_DAILY,bytes,2,170001,20000,2006.48,0.06
ff758d392b3b3fb0405ae69fa08e1388d7572597,HUGE_DAILY,bytes,3,190001,20000,63.64,0.00
ff758d392b3b3fb0405ae69fa08e1388d7572597,HUGE_DAILY,bytes,4,210001,20000,80.58,0.00
ff758d392b3b3fb0405ae69fa08e1388d7572597,HUGE_DAILY,toEnd,1,210001,5000,46.04,0.00
ff758d392b3b3fb0405ae69fa08e1388d7572597,HUGE_DAILY,toEnd,2,210001,5000,47.61,0.00
ff758d392b3b3fb0405ae69fa08e1388d7572597,HUGE_DAILY,toEnd,3,210001,5000,45.86,0.00
ff758d392b3b3fb0405ae69fa08e1388d7572597,HUGE_DAILY,toEnd,4,210001,5000,45.96,0.00
[main] INFO net.openhft.chronicle.queue.impl.single.StoreTailer - Took 30 ms to performClose
[main] INFO net.openhft.chronicle.queue.impl.single.SCQIndexing - Took 22 ms to performClose
[main] INFO net.openhft.chronicle.queue.impl.single.StoreTailer - Took 22 ms to performClose
ff758d392b3b3fb0405ae69fa08e1388d7572597,HUGE_DAILY,lastIndex,1,210001,5000,18091.56,4184.00
ff758d392b3b3fb0405ae69fa08e1388d7572597,HUGE_DAILY,lastIndex,2,210001,5000,19108.63,4288.86
ff758d392b3b3fb0405ae69fa08e1388d7572597,HUGE_DAILY,lastIndex,3,210001,5000,19550.88,4184.00
ff758d392b3b3fb0405ae69fa08e1388d7572597,HUGE_DAILY,lastIndex,4,210001,5000,19911.76,4184.42
ff758d392b3b3fb0405ae69fa08e1388d7572597,HUGE_DAILY,count,1,210001,5000,8689.62,3248.00
ff758d392b3b3fb0405ae69fa08e1388d7572597,HUGE_DAILY,count,2,210001,5000,8704.96,3248.00
ff758d392b3b3fb0405ae69fa08e1388d7572597,HUGE_DAILY,count,3,210001,5000,8573.67,3248.00
ff758d392b3b3fb0405ae69fa08e1388d7572597,HUGE_DAILY,count,4,210001,5000,8656.07,3248.00
ff758d392b3b3fb0405ae69fa08e1388d7572597,HUGE_DAILY,moveNearTail,1,210001,5000,247.31,0.00
ff758d392b3b3fb0405ae69fa08e1388d7572597,HUGE_DAILY,moveNearTail,2,210001,5000,242.30,0.00
ff758d392b3b3fb0405ae69fa08e1388d7572597,HUGE_DAILY,moveNearTail,3,210001,5000,243.39,0.00
ff758d392b3b3fb0405ae69fa08e1388d7572597,HUGE_DAILY,moveNearTail,4,210001,5000,242.88,0.00
