[main] INFO net.openhft.chronicle.core.Jvm - Chronicle core loaded from file:/home/peter/.m2/repository/net/openhft/chronicle-core/2026.7-SNAPSHOT/chronicle-core-2026.7-SNAPSHOT.jar
java=21.0.12+8-1-24.04-Ubuntu os=amd64 options=[-Xbatch, -Xms256m, -Xmx256m, -XX:ActiveProcessorCount=4, --add-exports=java.base/jdk.internal.misc=ALL-UNNAMED, --add-exports=java.base/jdk.internal.ref=ALL-UNNAMED, --add-exports=java.base/jdk.internal.util=ALL-UNNAMED, --add-exports=java.base/sun.nio.ch=ALL-UNNAMED, --add-exports=jdk.compiler/com.sun.tools.javac.file=ALL-UNNAMED, --add-exports=jdk.unsupported/sun.misc=ALL-UNNAMED, --add-opens=java.base/java.io=ALL-UNNAMED, --add-opens=java.base/java.lang=ALL-UNNAMED, --add-opens=java.base/java.lang.reflect=ALL-UNNAMED, --add-opens=java.base/java.util=ALL-UNNAMED, --add-opens=jdk.compiler/com.sun.tools.javac=ALL-UNNAMED, -Drevision=f51ea463cef256f66118d48e119b0ce823acc99a]
revision,cycle,operation,round,population,iterations,ns_per_op,bytes_per_op
[main] INFO net.openhft.chronicle.bytes.PageUtil - Found pageSize=2,097,152 for mount point '/dev/hugepages'
[main] INFO net.openhft.chronicle.bytes.internal.ChunkedMappedFile - Took 11 ms to add mapping for /tmp/queue-lookup-audit-4919312615539658924/metadata.cq4t
[main] INFO net.openhft.chronicle.threads.DiskSpaceMonitor - Took 1.875 ms to pollDiskSpace for /tmp/queue-lookup-audit-4919312615539658924
[main] INFO net.openhft.chronicle.core.internal.announcer.InternalAnnouncer - Running under OpenJDK Runtime Environment 21.0.12+8-1-24.04-Ubuntu with 4 processors reported.
[main] INFO net.openhft.chronicle.core.internal.announcer.InternalAnnouncer - Leave your e-mail to get information about the latest releases and patches at https://chronicle.software/release-notes/
[main] INFO net.openhft.chronicle.core.internal.announcer.InternalAnnouncer - Process id: 145 :: Chronicle Queue (unknown)
[main] INFO net.openhft.chronicle.core.internal.announcer.InternalAnnouncer - Analytics: Chronicle Queue reports usage statistics. Learn more or turn off: https://github.com/OpenHFT/Chronicle-Queue/blob/ea/DISCLAIMER.adoc
f51ea463cef256f66118d48e119b0ce823acc99a,HUGE_DAILY_XSPARSE,document,1,50001,20000,173.80,0.00
f51ea463cef256f66118d48e119b0ce823acc99a,HUGE_DAILY_XSPARSE,document,2,70001,20000,729.94,0.00
f51ea463cef256f66118d48e119b0ce823acc99a,HUGE_DAILY_XSPARSE,document,3,90001,20000,105.45,0.00
f51ea463cef256f66118d48e119b0ce823acc99a,HUGE_DAILY_XSPARSE,document,4,110001,20000,1732.14,0.00
f51ea463cef256f66118d48e119b0ce823acc99a,HUGE_DAILY_XSPARSE,bytes,1,150001,20000,69.09,0.00
f51ea463cef256f66118d48e119b0ce823acc99a,HUGE_DAILY_XSPARSE,bytes,2,170001,20000,1973.36,0.06
f51ea463cef256f66118d48e119b0ce823acc99a,HUGE_DAILY_XSPARSE,bytes,3,190001,20000,61.69,0.00
f51ea463cef256f66118d48e119b0ce823acc99a,HUGE_DAILY_XSPARSE,bytes,4,210001,20000,61.65,0.00
f51ea463cef256f66118d48e119b0ce823acc99a,HUGE_DAILY_XSPARSE,toEnd,1,210001,5000,132.50,0.00
f51ea463cef256f66118d48e119b0ce823acc99a,HUGE_DAILY_XSPARSE,toEnd,2,210001,5000,122.48,0.00
f51ea463cef256f66118d48e119b0ce823acc99a,HUGE_DAILY_XSPARSE,toEnd,3,210001,5000,124.78,0.00
f51ea463cef256f66118d48e119b0ce823acc99a,HUGE_DAILY_XSPARSE,toEnd,4,210001,5000,123.93,0.00
f51ea463cef256f66118d48e119b0ce823acc99a,HUGE_DAILY_XSPARSE,lastIndex,1,210001,5000,17471.53,4184.00
f51ea463cef256f66118d48e119b0ce823acc99a,HUGE_DAILY_XSPARSE,lastIndex,2,210001,5000,19498.05,4288.86
f51ea463cef256f66118d48e119b0ce823acc99a,HUGE_DAILY_XSPARSE,lastIndex,3,210001,5000,19749.40,4184.00
f51ea463cef256f66118d48e119b0ce823acc99a,HUGE_DAILY_XSPARSE,lastIndex,4,210001,5000,19811.19,4184.65
f51ea463cef256f66118d48e119b0ce823acc99a,HUGE_DAILY_XSPARSE,count,1,210001,5000,8724.52,3248.00
f51ea463cef256f66118d48e119b0ce823acc99a,HUGE_DAILY_XSPARSE,count,2,210001,5000,8636.25,3248.00
f51ea463cef256f66118d48e119b0ce823acc99a,HUGE_DAILY_XSPARSE,count,3,210001,5000,8656.97,3248.00
f51ea463cef256f66118d48e119b0ce823acc99a,HUGE_DAILY_XSPARSE,count,4,210001,5000,8619.22,3248.00
f51ea463cef256f66118d48e119b0ce823acc99a,HUGE_DAILY_XSPARSE,moveNearTail,1,210001,5000,713772.26,0.00
f51ea463cef256f66118d48e119b0ce823acc99a,HUGE_DAILY_XSPARSE,moveNearTail,2,210001,5000,713493.46,0.00
f51ea463cef256f66118d48e119b0ce823acc99a,HUGE_DAILY_XSPARSE,moveNearTail,3,210001,5000,712300.79,0.00
f51ea463cef256f66118d48e119b0ce823acc99a,HUGE_DAILY_XSPARSE,moveNearTail,4,210001,5000,712401.71,0.00
