[main] INFO net.openhft.chronicle.core.Jvm - Chronicle core loaded from file:/home/peter/.m2/repository/net/openhft/chronicle-core/2026.7-SNAPSHOT/chronicle-core-2026.7-SNAPSHOT.jar
java=21.0.12+8-1-24.04-Ubuntu os=amd64 options=[-Xbatch, -Xms256m, -Xmx256m, -XX:ActiveProcessorCount=4, --add-exports=java.base/jdk.internal.misc=ALL-UNNAMED, --add-exports=java.base/jdk.internal.ref=ALL-UNNAMED, --add-exports=java.base/jdk.internal.util=ALL-UNNAMED, --add-exports=java.base/sun.nio.ch=ALL-UNNAMED, --add-exports=jdk.compiler/com.sun.tools.javac.file=ALL-UNNAMED, --add-exports=jdk.unsupported/sun.misc=ALL-UNNAMED, --add-opens=java.base/java.io=ALL-UNNAMED, --add-opens=java.base/java.lang=ALL-UNNAMED, --add-opens=java.base/java.lang.reflect=ALL-UNNAMED, --add-opens=java.base/java.util=ALL-UNNAMED, --add-opens=jdk.compiler/com.sun.tools.javac=ALL-UNNAMED, -Drevision=129e9ae5ea7e034c59e89dd0b81cdeaf115422fb]
revision,cycle,operation,round,population,iterations,ns_per_op,bytes_per_op
[main] INFO net.openhft.chronicle.bytes.PageUtil - Found pageSize=2,097,152 for mount point '/dev/hugepages'
[main] INFO net.openhft.chronicle.bytes.internal.ChunkedMappedFile - Took 11 ms to add mapping for /tmp/queue-lookup-audit-18005609013551857783/metadata.cq4t
[main] INFO net.openhft.chronicle.threads.DiskSpaceMonitor - Took 1.812 ms to pollDiskSpace for /tmp/queue-lookup-audit-18005609013551857783
[main] INFO net.openhft.chronicle.core.internal.announcer.InternalAnnouncer - Running under OpenJDK Runtime Environment 21.0.12+8-1-24.04-Ubuntu with 4 processors reported.
[main] INFO net.openhft.chronicle.core.internal.announcer.InternalAnnouncer - Leave your e-mail to get information about the latest releases and patches at https://chronicle.software/release-notes/
[main] INFO net.openhft.chronicle.core.internal.announcer.InternalAnnouncer - Process id: 63 :: Chronicle Queue (unknown)
[main] INFO net.openhft.chronicle.core.internal.announcer.InternalAnnouncer - Analytics: Chronicle Queue reports usage statistics. Learn more or turn off: https://github.com/OpenHFT/Chronicle-Queue/blob/ea/DISCLAIMER.adoc
129e9ae5ea7e034c59e89dd0b81cdeaf115422fb,HUGE_DAILY_XSPARSE,document,1,50001,20000,163.69,0.00
129e9ae5ea7e034c59e89dd0b81cdeaf115422fb,HUGE_DAILY_XSPARSE,document,2,70001,20000,721.55,0.00
129e9ae5ea7e034c59e89dd0b81cdeaf115422fb,HUGE_DAILY_XSPARSE,document,3,90001,20000,101.69,0.00
129e9ae5ea7e034c59e89dd0b81cdeaf115422fb,HUGE_DAILY_XSPARSE,document,4,110001,20000,1732.19,0.00
129e9ae5ea7e034c59e89dd0b81cdeaf115422fb,HUGE_DAILY_XSPARSE,bytes,1,150001,20000,65.68,0.00
129e9ae5ea7e034c59e89dd0b81cdeaf115422fb,HUGE_DAILY_XSPARSE,bytes,2,170001,20000,1989.87,0.06
129e9ae5ea7e034c59e89dd0b81cdeaf115422fb,HUGE_DAILY_XSPARSE,bytes,3,190001,20000,58.93,0.00
129e9ae5ea7e034c59e89dd0b81cdeaf115422fb,HUGE_DAILY_XSPARSE,bytes,4,210001,20000,58.97,0.00
129e9ae5ea7e034c59e89dd0b81cdeaf115422fb,HUGE_DAILY_XSPARSE,toEnd,1,210001,5000,39.27,0.00
129e9ae5ea7e034c59e89dd0b81cdeaf115422fb,HUGE_DAILY_XSPARSE,toEnd,2,210001,5000,41.22,0.00
129e9ae5ea7e034c59e89dd0b81cdeaf115422fb,HUGE_DAILY_XSPARSE,toEnd,3,210001,5000,39.42,0.00
129e9ae5ea7e034c59e89dd0b81cdeaf115422fb,HUGE_DAILY_XSPARSE,toEnd,4,210001,5000,39.19,0.00
[main] INFO net.openhft.chronicle.queue.impl.single.SCQIndexing - Took 21 ms to performClose
[main] INFO net.openhft.chronicle.queue.impl.single.StoreTailer - Took 21 ms to performClose
129e9ae5ea7e034c59e89dd0b81cdeaf115422fb,HUGE_DAILY_XSPARSE,lastIndex,1,210001,5000,17265.08,4096.00
129e9ae5ea7e034c59e89dd0b81cdeaf115422fb,HUGE_DAILY_XSPARSE,lastIndex,2,210001,5000,18330.03,4096.00
129e9ae5ea7e034c59e89dd0b81cdeaf115422fb,HUGE_DAILY_XSPARSE,lastIndex,3,210001,5000,19589.18,4096.00
129e9ae5ea7e034c59e89dd0b81cdeaf115422fb,HUGE_DAILY_XSPARSE,lastIndex,4,210001,5000,20072.99,4200.86
129e9ae5ea7e034c59e89dd0b81cdeaf115422fb,HUGE_DAILY_XSPARSE,count,1,210001,5000,8527.01,3160.00
129e9ae5ea7e034c59e89dd0b81cdeaf115422fb,HUGE_DAILY_XSPARSE,count,2,210001,5000,8536.23,3160.00
129e9ae5ea7e034c59e89dd0b81cdeaf115422fb,HUGE_DAILY_XSPARSE,count,3,210001,5000,8588.90,3160.00
129e9ae5ea7e034c59e89dd0b81cdeaf115422fb,HUGE_DAILY_XSPARSE,count,4,210001,5000,8541.96,3160.00
129e9ae5ea7e034c59e89dd0b81cdeaf115422fb,HUGE_DAILY_XSPARSE,moveNearTail,1,210001,5000,703418.59,0.00
129e9ae5ea7e034c59e89dd0b81cdeaf115422fb,HUGE_DAILY_XSPARSE,moveNearTail,2,210001,5000,704398.63,0.00
129e9ae5ea7e034c59e89dd0b81cdeaf115422fb,HUGE_DAILY_XSPARSE,moveNearTail,3,210001,5000,703544.70,0.00
129e9ae5ea7e034c59e89dd0b81cdeaf115422fb,HUGE_DAILY_XSPARSE,moveNearTail,4,210001,5000,703936.49,0.00
