[main] INFO net.openhft.chronicle.core.Jvm - Chronicle core loaded from file:/home/peter/.m2/repository/net/openhft/chronicle-core/2026.7-SNAPSHOT/chronicle-core-2026.7-SNAPSHOT.jar
java=21.0.12+8-1-24.04-Ubuntu os=amd64 options=[-Xbatch, -Xms256m, -Xmx256m, -XX:ActiveProcessorCount=4, --add-exports=java.base/jdk.internal.misc=ALL-UNNAMED, --add-exports=java.base/jdk.internal.ref=ALL-UNNAMED, --add-exports=java.base/jdk.internal.util=ALL-UNNAMED, --add-exports=java.base/sun.nio.ch=ALL-UNNAMED, --add-exports=jdk.compiler/com.sun.tools.javac.file=ALL-UNNAMED, --add-exports=jdk.unsupported/sun.misc=ALL-UNNAMED, --add-opens=java.base/java.io=ALL-UNNAMED, --add-opens=java.base/java.lang=ALL-UNNAMED, --add-opens=java.base/java.lang.reflect=ALL-UNNAMED, --add-opens=java.base/java.util=ALL-UNNAMED, --add-opens=jdk.compiler/com.sun.tools.javac=ALL-UNNAMED, -Drevision=f51ea463cef256f66118d48e119b0ce823acc99a]
revision,cycle,operation,round,population,iterations,ns_per_op,bytes_per_op
[main] INFO net.openhft.chronicle.bytes.PageUtil - Found pageSize=2,097,152 for mount point '/dev/hugepages'
[main] INFO net.openhft.chronicle.bytes.internal.ChunkedMappedFile - Took 12 ms to add mapping for /tmp/queue-lookup-audit-317596658909022315/metadata.cq4t
[main] INFO net.openhft.chronicle.threads.DiskSpaceMonitor - Took 1.862 ms to pollDiskSpace for /tmp/queue-lookup-audit-317596658909022315
[main] INFO net.openhft.chronicle.core.internal.announcer.InternalAnnouncer - Running under OpenJDK Runtime Environment 21.0.12+8-1-24.04-Ubuntu with 4 processors reported.
[main] INFO net.openhft.chronicle.core.internal.announcer.InternalAnnouncer - Leave your e-mail to get information about the latest releases and patches at https://chronicle.software/release-notes/
[main] INFO net.openhft.chronicle.core.internal.announcer.InternalAnnouncer - Process id: 91 :: Chronicle Queue (unknown)
[main] INFO net.openhft.chronicle.core.internal.announcer.InternalAnnouncer - Analytics: Chronicle Queue reports usage statistics. Learn more or turn off: https://github.com/OpenHFT/Chronicle-Queue/blob/ea/DISCLAIMER.adoc
f51ea463cef256f66118d48e119b0ce823acc99a,FAST_DAILY,document,1,50000,20000,208.46,0.00
f51ea463cef256f66118d48e119b0ce823acc99a,FAST_DAILY,document,2,70000,20000,849.18,0.00
f51ea463cef256f66118d48e119b0ce823acc99a,FAST_DAILY,document,3,90000,20000,113.83,0.00
f51ea463cef256f66118d48e119b0ce823acc99a,FAST_DAILY,document,4,110000,20000,1729.48,0.00
f51ea463cef256f66118d48e119b0ce823acc99a,FAST_DAILY,bytes,1,150000,20000,72.49,0.00
f51ea463cef256f66118d48e119b0ce823acc99a,FAST_DAILY,bytes,2,170000,20000,1962.62,0.06
f51ea463cef256f66118d48e119b0ce823acc99a,FAST_DAILY,bytes,3,190000,20000,65.32,0.00
f51ea463cef256f66118d48e119b0ce823acc99a,FAST_DAILY,bytes,4,210000,20000,65.70,0.00
f51ea463cef256f66118d48e119b0ce823acc99a,FAST_DAILY,toEnd,1,210000,5000,40.29,0.00
f51ea463cef256f66118d48e119b0ce823acc99a,FAST_DAILY,toEnd,2,210000,5000,40.36,0.00
f51ea463cef256f66118d48e119b0ce823acc99a,FAST_DAILY,toEnd,3,210000,5000,40.52,0.00
f51ea463cef256f66118d48e119b0ce823acc99a,FAST_DAILY,toEnd,4,210000,5000,41.07,0.00
f51ea463cef256f66118d48e119b0ce823acc99a,FAST_DAILY,lastIndex,1,210000,5000,17595.87,4184.00
f51ea463cef256f66118d48e119b0ce823acc99a,FAST_DAILY,lastIndex,2,210000,5000,19087.29,4288.86
f51ea463cef256f66118d48e119b0ce823acc99a,FAST_DAILY,lastIndex,3,210000,5000,20366.39,4184.00
f51ea463cef256f66118d48e119b0ce823acc99a,FAST_DAILY,lastIndex,4,210000,5000,20459.23,4184.39
f51ea463cef256f66118d48e119b0ce823acc99a,FAST_DAILY,count,1,210000,5000,8691.58,3248.00
f51ea463cef256f66118d48e119b0ce823acc99a,FAST_DAILY,count,2,210000,5000,8818.81,3248.00
f51ea463cef256f66118d48e119b0ce823acc99a,FAST_DAILY,count,3,210000,5000,8730.95,3248.00
f51ea463cef256f66118d48e119b0ce823acc99a,FAST_DAILY,count,4,210000,5000,8762.83,3248.00
f51ea463cef256f66118d48e119b0ce823acc99a,FAST_DAILY,moveNearTail,1,210000,5000,240.37,0.00
f51ea463cef256f66118d48e119b0ce823acc99a,FAST_DAILY,moveNearTail,2,210000,5000,241.81,0.00
f51ea463cef256f66118d48e119b0ce823acc99a,FAST_DAILY,moveNearTail,3,210000,5000,245.93,0.00
f51ea463cef256f66118d48e119b0ce823acc99a,FAST_DAILY,moveNearTail,4,210000,5000,242.63,0.00
