[main] INFO net.openhft.chronicle.core.Jvm - Chronicle core loaded from file:/home/peter/.m2/repository/net/openhft/chronicle-core/2026.7-SNAPSHOT/chronicle-core-2026.7-SNAPSHOT.jar
java=21.0.12+8-1-24.04-Ubuntu os=amd64 options=[-Xbatch, -Xms256m, -Xmx256m, -XX:ActiveProcessorCount=4, --add-exports=java.base/jdk.internal.misc=ALL-UNNAMED, --add-exports=java.base/jdk.internal.ref=ALL-UNNAMED, --add-exports=java.base/jdk.internal.util=ALL-UNNAMED, --add-exports=java.base/sun.nio.ch=ALL-UNNAMED, --add-exports=jdk.compiler/com.sun.tools.javac.file=ALL-UNNAMED, --add-exports=jdk.unsupported/sun.misc=ALL-UNNAMED, --add-opens=java.base/java.io=ALL-UNNAMED, --add-opens=java.base/java.lang=ALL-UNNAMED, --add-opens=java.base/java.lang.reflect=ALL-UNNAMED, --add-opens=java.base/java.util=ALL-UNNAMED, --add-opens=jdk.compiler/com.sun.tools.javac=ALL-UNNAMED, -Drevision=129e9ae5ea7e034c59e89dd0b81cdeaf115422fb]
revision,cycle,operation,round,population,iterations,ns_per_op,bytes_per_op
[main] INFO net.openhft.chronicle.bytes.PageUtil - Found pageSize=2,097,152 for mount point '/dev/hugepages'
[main] INFO net.openhft.chronicle.bytes.internal.ChunkedMappedFile - Took 13 ms to add mapping for /tmp/queue-lookup-audit-14602913283594210152/metadata.cq4t
[main] INFO net.openhft.chronicle.threads.DiskSpaceMonitor - Took 2.031 ms to pollDiskSpace for /tmp/queue-lookup-audit-14602913283594210152
[main] INFO net.openhft.chronicle.core.internal.announcer.InternalAnnouncer - Running under OpenJDK Runtime Environment 21.0.12+8-1-24.04-Ubuntu with 4 processors reported.
[main] INFO net.openhft.chronicle.core.internal.announcer.InternalAnnouncer - Leave your e-mail to get information about the latest releases and patches at https://chronicle.software/release-notes/
[main] INFO net.openhft.chronicle.core.internal.announcer.InternalAnnouncer - Process id: 9 :: Chronicle Queue (unknown)
[main] INFO net.openhft.chronicle.core.internal.announcer.InternalAnnouncer - Analytics: Chronicle Queue reports usage statistics. Learn more or turn off: https://github.com/OpenHFT/Chronicle-Queue/blob/ea/DISCLAIMER.adoc
129e9ae5ea7e034c59e89dd0b81cdeaf115422fb,FAST_DAILY,document,1,50000,20000,207.27,0.00
129e9ae5ea7e034c59e89dd0b81cdeaf115422fb,FAST_DAILY,document,2,70000,20000,855.22,0.00
129e9ae5ea7e034c59e89dd0b81cdeaf115422fb,FAST_DAILY,document,3,90000,20000,111.05,0.00
129e9ae5ea7e034c59e89dd0b81cdeaf115422fb,FAST_DAILY,document,4,110000,20000,1734.36,0.00
129e9ae5ea7e034c59e89dd0b81cdeaf115422fb,FAST_DAILY,bytes,1,150000,20000,67.60,0.00
129e9ae5ea7e034c59e89dd0b81cdeaf115422fb,FAST_DAILY,bytes,2,170000,20000,1962.86,0.06
129e9ae5ea7e034c59e89dd0b81cdeaf115422fb,FAST_DAILY,bytes,3,190000,20000,60.13,0.00
129e9ae5ea7e034c59e89dd0b81cdeaf115422fb,FAST_DAILY,bytes,4,210000,20000,59.68,0.00
129e9ae5ea7e034c59e89dd0b81cdeaf115422fb,FAST_DAILY,toEnd,1,210000,5000,38.99,0.00
129e9ae5ea7e034c59e89dd0b81cdeaf115422fb,FAST_DAILY,toEnd,2,210000,5000,39.07,0.00
129e9ae5ea7e034c59e89dd0b81cdeaf115422fb,FAST_DAILY,toEnd,3,210000,5000,44.88,0.00
129e9ae5ea7e034c59e89dd0b81cdeaf115422fb,FAST_DAILY,toEnd,4,210000,5000,40.53,0.00
[main] INFO net.openhft.chronicle.queue.impl.single.SCQIndexing - Took 22 ms to performClose
[main] INFO net.openhft.chronicle.queue.impl.single.StoreTailer - Took 22 ms to performClose
129e9ae5ea7e034c59e89dd0b81cdeaf115422fb,FAST_DAILY,lastIndex,1,210000,5000,17311.15,4096.00
129e9ae5ea7e034c59e89dd0b81cdeaf115422fb,FAST_DAILY,lastIndex,2,210000,5000,18348.87,4096.00
129e9ae5ea7e034c59e89dd0b81cdeaf115422fb,FAST_DAILY,lastIndex,3,210000,5000,19611.70,4096.00
129e9ae5ea7e034c59e89dd0b81cdeaf115422fb,FAST_DAILY,lastIndex,4,210000,5000,20134.20,4200.86
129e9ae5ea7e034c59e89dd0b81cdeaf115422fb,FAST_DAILY,count,1,210000,5000,8580.21,3160.00
129e9ae5ea7e034c59e89dd0b81cdeaf115422fb,FAST_DAILY,count,2,210000,5000,8597.47,3160.00
129e9ae5ea7e034c59e89dd0b81cdeaf115422fb,FAST_DAILY,count,3,210000,5000,8774.36,3160.00
129e9ae5ea7e034c59e89dd0b81cdeaf115422fb,FAST_DAILY,count,4,210000,5000,8617.39,3160.00
129e9ae5ea7e034c59e89dd0b81cdeaf115422fb,FAST_DAILY,moveNearTail,1,210000,5000,233.87,0.00
129e9ae5ea7e034c59e89dd0b81cdeaf115422fb,FAST_DAILY,moveNearTail,2,210000,5000,235.40,0.00
129e9ae5ea7e034c59e89dd0b81cdeaf115422fb,FAST_DAILY,moveNearTail,3,210000,5000,234.17,0.00
129e9ae5ea7e034c59e89dd0b81cdeaf115422fb,FAST_DAILY,moveNearTail,4,210000,5000,234.61,0.00
