[main] INFO net.openhft.chronicle.core.Jvm - Chronicle core loaded from file:/home/peter/.m2/repository/net/openhft/chronicle-core/2026.7-SNAPSHOT/chronicle-core-2026.7-SNAPSHOT.jar
java=21.0.12+8-1-24.04-Ubuntu os=amd64 options=[-Xbatch, -Xms256m, -Xmx256m, -XX:ActiveProcessorCount=4, --add-exports=java.base/jdk.internal.misc=ALL-UNNAMED, --add-exports=java.base/jdk.internal.ref=ALL-UNNAMED, --add-exports=java.base/jdk.internal.util=ALL-UNNAMED, --add-exports=java.base/sun.nio.ch=ALL-UNNAMED, --add-exports=jdk.compiler/com.sun.tools.javac.file=ALL-UNNAMED, --add-exports=jdk.unsupported/sun.misc=ALL-UNNAMED, --add-opens=java.base/java.io=ALL-UNNAMED, --add-opens=java.base/java.lang=ALL-UNNAMED, --add-opens=java.base/java.lang.reflect=ALL-UNNAMED, --add-opens=java.base/java.util=ALL-UNNAMED, --add-opens=jdk.compiler/com.sun.tools.javac=ALL-UNNAMED, -Drevision=ff758d392b3b3fb0405ae69fa08e1388d7572597]
revision,cycle,operation,round,population,iterations,ns_per_op,bytes_per_op
[main] INFO net.openhft.chronicle.bytes.PageUtil - Found pageSize=2,097,152 for mount point '/dev/hugepages'
[main] INFO net.openhft.chronicle.bytes.internal.ChunkedMappedFile - Took 12 ms to add mapping for /tmp/queue-lookup-audit-16341298784286394719/metadata.cq4t
[main] INFO net.openhft.chronicle.threads.DiskSpaceMonitor - Took 1.833 ms to pollDiskSpace for /tmp/queue-lookup-audit-16341298784286394719
[main] INFO net.openhft.chronicle.core.internal.announcer.InternalAnnouncer - Running under OpenJDK Runtime Environment 21.0.12+8-1-24.04-Ubuntu with 4 processors reported.
[main] INFO net.openhft.chronicle.core.internal.announcer.InternalAnnouncer - Leave your e-mail to get information about the latest releases and patches at https://chronicle.software/release-notes/
[main] INFO net.openhft.chronicle.core.internal.announcer.InternalAnnouncer - Process id: 173 :: Chronicle Queue (unknown)
[main] INFO net.openhft.chronicle.core.internal.announcer.InternalAnnouncer - Analytics: Chronicle Queue reports usage statistics. Learn more or turn off: https://github.com/OpenHFT/Chronicle-Queue/blob/ea/DISCLAIMER.adoc
ff758d392b3b3fb0405ae69fa08e1388d7572597,FAST_DAILY,document,1,50000,20000,224.70,0.00
ff758d392b3b3fb0405ae69fa08e1388d7572597,FAST_DAILY,document,2,70000,20000,853.71,0.00
ff758d392b3b3fb0405ae69fa08e1388d7572597,FAST_DAILY,document,3,90000,20000,109.02,0.00
ff758d392b3b3fb0405ae69fa08e1388d7572597,FAST_DAILY,document,4,110000,20000,1740.02,0.00
ff758d392b3b3fb0405ae69fa08e1388d7572597,FAST_DAILY,bytes,1,150000,20000,70.26,0.00
ff758d392b3b3fb0405ae69fa08e1388d7572597,FAST_DAILY,bytes,2,170000,20000,1986.08,0.06
ff758d392b3b3fb0405ae69fa08e1388d7572597,FAST_DAILY,bytes,3,190000,20000,62.50,0.00
ff758d392b3b3fb0405ae69fa08e1388d7572597,FAST_DAILY,bytes,4,210000,20000,62.82,0.00
ff758d392b3b3fb0405ae69fa08e1388d7572597,FAST_DAILY,toEnd,1,210000,5000,44.03,0.00
ff758d392b3b3fb0405ae69fa08e1388d7572597,FAST_DAILY,toEnd,2,210000,5000,46.20,0.00
ff758d392b3b3fb0405ae69fa08e1388d7572597,FAST_DAILY,toEnd,3,210000,5000,53.48,0.00
ff758d392b3b3fb0405ae69fa08e1388d7572597,FAST_DAILY,toEnd,4,210000,5000,45.51,0.00
ff758d392b3b3fb0405ae69fa08e1388d7572597,FAST_DAILY,lastIndex,1,210000,5000,17548.58,4184.00
ff758d392b3b3fb0405ae69fa08e1388d7572597,FAST_DAILY,lastIndex,2,210000,5000,20445.99,4288.86
ff758d392b3b3fb0405ae69fa08e1388d7572597,FAST_DAILY,lastIndex,3,210000,5000,20169.30,4184.00
ff758d392b3b3fb0405ae69fa08e1388d7572597,FAST_DAILY,lastIndex,4,210000,5000,20325.60,4184.48
ff758d392b3b3fb0405ae69fa08e1388d7572597,FAST_DAILY,count,1,210000,5000,8564.84,3248.00
ff758d392b3b3fb0405ae69fa08e1388d7572597,FAST_DAILY,count,2,210000,5000,8582.84,3248.00
ff758d392b3b3fb0405ae69fa08e1388d7572597,FAST_DAILY,count,3,210000,5000,8610.08,3248.00
ff758d392b3b3fb0405ae69fa08e1388d7572597,FAST_DAILY,count,4,210000,5000,8637.26,3248.00
ff758d392b3b3fb0405ae69fa08e1388d7572597,FAST_DAILY,moveNearTail,1,210000,5000,242.22,0.00
ff758d392b3b3fb0405ae69fa08e1388d7572597,FAST_DAILY,moveNearTail,2,210000,5000,243.43,0.00
ff758d392b3b3fb0405ae69fa08e1388d7572597,FAST_DAILY,moveNearTail,3,210000,5000,253.67,0.00
ff758d392b3b3fb0405ae69fa08e1388d7572597,FAST_DAILY,moveNearTail,4,210000,5000,241.92,0.00
