[main] INFO net.openhft.chronicle.core.Jvm - Chronicle core loaded from file:/home/peter/.m2/repository/net/openhft/chronicle-core/2026.7-SNAPSHOT/chronicle-core-2026.7-SNAPSHOT.jar
revision=b8665fc4b2982925d073b5fa018cb80876a67bdd directory=/home/peter/Build-All/queue-1706-findings-update-2026-09-17/benchmark-parent/last-sequence-number-6889237058985162463 filesystem=ext4
java=21.0.12+8-1-24.04-Ubuntu vm=OpenJDK 64-Bit Server VM os=Linux arch=amd64 processors=4
jvmOptions=[-XX:ActiveProcessorCount=4, --add-exports=java.base/jdk.internal.misc=ALL-UNNAMED, --add-exports=java.base/jdk.internal.ref=ALL-UNNAMED, --add-exports=java.base/jdk.internal.util=ALL-UNNAMED, --add-exports=java.base/sun.nio.ch=ALL-UNNAMED, --add-exports=jdk.compiler/com.sun.tools.javac.file=ALL-UNNAMED, --add-exports=jdk.unsupported/sun.misc=ALL-UNNAMED, --add-opens=java.base/java.io=ALL-UNNAMED, --add-opens=java.base/java.lang=ALL-UNNAMED, --add-opens=java.base/java.lang.reflect=ALL-UNNAMED, --add-opens=java.base/java.util=ALL-UNNAMED, --add-opens=jdk.compiler/com.sun.tools.javac=ALL-UNNAMED, -Drevision=b8665fc4b2982925d073b5fa018cb80876a67bdd, -Dpath=/home/peter/Build-All/queue-1706-findings-update-2026-09-17/benchmark-parent, -Dappenders=2, -Drecords=10000, -Diterations=500, -Dthroughput=500, -Druns=3, -DwarmUp=100]
rollCycle=HUGE_DAILY_XSPARSE initiallySmallRecords=10000 appenders=2 iterations=500 throughput=500 runs=3 warmUp=100
[main] INFO net.openhft.chronicle.bytes.PageUtil - Found pageSize=2,097,152 for mount point '/dev/hugepages'
[main] INFO net.openhft.chronicle.bytes.internal.ChunkedMappedFile - Took 6 ms to add mapping for /home/peter/Build-All/queue-1706-findings-update-2026-09-17/benchmark-parent/last-sequence-number-6889237058985162463/metadata.cq4t
[main] INFO net.openhft.chronicle.threads.DiskSpaceMonitor - Took 1.009 ms to pollDiskSpace for /home/peter/Build-All/queue-1706-findings-update-2026-09-17/benchmark-parent/last-sequence-number-6889237058985162463
[main] INFO net.openhft.chronicle.core.internal.announcer.InternalAnnouncer - Running under OpenJDK Runtime Environment 21.0.12+8-1-24.04-Ubuntu with 4 processors reported.
[main] INFO net.openhft.chronicle.core.internal.announcer.InternalAnnouncer - Leave your e-mail to get information about the latest releases and patches at https://chronicle.software/release-notes/
[main] INFO net.openhft.chronicle.core.internal.announcer.InternalAnnouncer - Process id: 87 :: Chronicle Queue (unknown)
[main] INFO net.openhft.chronicle.core.internal.announcer.InternalAnnouncer - Analytics: Chronicle Queue reports usage statistics. Learn more or turn off: https://github.com/OpenHFT/Chronicle-Queue/blob/ea/DISCLAIMER.adoc
filler of 65536 bytes written, alias period 65536
before warmup: population=10001 lastSequence=10000 indexSpacing=1048576 lastSparseAnchor=0 recordsAfterAnchor=10000
[main] INFO net.openhft.affinity.AffinityLock - Assigning cpu 31 to Thread[#1,main,5,main] on thread id 88
Warm up complete (100 iterations took 0.064 s)
after warmup / before run 1: population=10101 lastSequence=10100 indexSpacing=1048576 lastSparseAnchor=0 recordsAfterAnchor=10100
-------------------------------- BENCHMARK RESULTS (RUN 1) us --------------------------------------
Run time: 0.998 s, distribution: NORMAL
Correcting for co-ordinated:false
Target throughput:500/s = 1 message every 2000us
End to End: (500)                               50/90 99/99.9 99.99 - worst was 51.4 / 53.2  56.1 / 95.6  95.6 - 95.6
excerptsInCycle (501)                           50/90 99/99.9 99.99 - worst was 134.4 / 204.0  285 / 568  568 - 568
----------------------------------------------------------------------------------------------------
after run 1: population=10601 lastSequence=10600 indexSpacing=1048576 lastSparseAnchor=0 recordsAfterAnchor=10600
-------------------------------- BENCHMARK RESULTS (RUN 2) us --------------------------------------
Run time: 1.0 s, distribution: NORMAL
Correcting for co-ordinated:false
Target throughput:500/s = 1 message every 2000us
End to End: (500)                               50/90 99/99.9 99.99 - worst was 53.2 / 54.7  65.9 / 100.5  100.5 - 100.5
excerptsInCycle (500)                           50/90 99/99.9 99.99 - worst was 91.3 / 133.4  161.0 / 286  286 - 286
----------------------------------------------------------------------------------------------------
after run 2: population=11101 lastSequence=11100 indexSpacing=1048576 lastSparseAnchor=0 recordsAfterAnchor=11100
-------------------------------- BENCHMARK RESULTS (RUN 3) us --------------------------------------
Run time: 1.001 s, distribution: NORMAL
Correcting for co-ordinated:false
Target throughput:500/s = 1 message every 2000us
End to End: (500)                               50/90 99/99.9 99.99 - worst was 55.6 / 57.4  103.8 / 105.1  105.1 - 105.1
excerptsInCycle (500)                           50/90 99/99.9 99.99 - worst was 89.5 / 121.7  142.1 / 482  482 - 482
----------------------------------------------------------------------------------------------------
after run 3: population=11601 lastSequence=11600 indexSpacing=1048576 lastSparseAnchor=0 recordsAfterAnchor=11600
-------------------------------- SUMMARY (end to end) us -------------------------------------------
Percentile   run1         run2         run3      % Variation
50.0:           51.39        53.18        55.62         2.96
90.0:           53.18        54.72        57.41         3.17
99.0:           56.13        65.92       103.81        27.70
worst:          95.62       100.48       105.09         2.97
----------------------------------------------------------------------------------------------------
-------------------------------- SUMMARY (excerptsInCycle) us --------------------------------------
Percentile   run1         run2         run3      % Variation
50.0:          134.40        91.26        89.47         1.32
90.0:          204.03       133.38       121.73         6.00
99.0:          285.18       161.02       142.08         8.16
worst:         568.32       286.21       481.79        31.30
----------------------------------------------------------------------------------------------------
##teamcity[buildStatisticValue key='LastSequenceNumberJLBHBenchmark.end-to-end.0.5.java17' value='55.616']
##teamcity[buildStatisticValue key='LastSequenceNumberJLBHBenchmark.end-to-end.0.9.java17' value='57.408']
##teamcity[buildStatisticValue key='LastSequenceNumberJLBHBenchmark.end-to-end.0.99.java17' value='103.808']
##teamcity[buildStatisticValue key='LastSequenceNumberJLBHBenchmark.end-to-end.1.0.java17' value='105.088']
##teamcity[buildStatisticValue key='LastSequenceNumberJLBHBenchmark.excerptsInCycle.0.5.java17' value='89.472']
##teamcity[buildStatisticValue key='LastSequenceNumberJLBHBenchmark.excerptsInCycle.0.9.java17' value='121.728']
##teamcity[buildStatisticValue key='LastSequenceNumberJLBHBenchmark.excerptsInCycle.0.99.java17' value='142.08']
##teamcity[buildStatisticValue key='LastSequenceNumberJLBHBenchmark.excerptsInCycle.1.0.java17' value='481.792']
[main] INFO net.openhft.affinity.LockInventory - Releasing cpu 31 from Thread[#1,main,5,main]
