[main] INFO net.openhft.chronicle.core.Jvm - Chronicle core loaded from file:/home/peter/.m2/repository/net/openhft/chronicle-core/2026.7-SNAPSHOT/chronicle-core-2026.7-SNAPSHOT.jar
revision=fc96fac3b58803d12d5d982bd0e8a7a424965319 directory=/home/peter/Build-All/queue-1706-findings-update-2026-09-17/benchmark-parent/last-sequence-number-11545638195308066839 filesystem=ext4
java=21.0.12+8-1-24.04-Ubuntu vm=OpenJDK 64-Bit Server VM os=Linux arch=amd64 processors=4
jvmOptions=[-XX:ActiveProcessorCount=4, --add-exports=java.base/jdk.internal.misc=ALL-UNNAMED, --add-exports=java.base/jdk.internal.ref=ALL-UNNAMED, --add-exports=java.base/jdk.internal.util=ALL-UNNAMED, --add-exports=java.base/sun.nio.ch=ALL-UNNAMED, --add-exports=jdk.compiler/com.sun.tools.javac.file=ALL-UNNAMED, --add-exports=jdk.unsupported/sun.misc=ALL-UNNAMED, --add-opens=java.base/java.io=ALL-UNNAMED, --add-opens=java.base/java.lang=ALL-UNNAMED, --add-opens=java.base/java.lang.reflect=ALL-UNNAMED, --add-opens=java.base/java.util=ALL-UNNAMED, --add-opens=jdk.compiler/com.sun.tools.javac=ALL-UNNAMED, -Drevision=fc96fac3b58803d12d5d982bd0e8a7a424965319, -Dpath=/home/peter/Build-All/queue-1706-findings-update-2026-09-17/benchmark-parent, -Dappenders=1, -Drecords=10000, -Diterations=500, -Dthroughput=500, -Druns=3, -DwarmUp=100]
rollCycle=HUGE_DAILY_XSPARSE initiallySmallRecords=10000 appenders=1 iterations=500 throughput=500 runs=3 warmUp=100
[main] INFO net.openhft.chronicle.bytes.PageUtil - Found pageSize=2,097,152 for mount point '/dev/hugepages'
[main] INFO net.openhft.chronicle.bytes.internal.ChunkedMappedFile - Took 6 ms to add mapping for /home/peter/Build-All/queue-1706-findings-update-2026-09-17/benchmark-parent/last-sequence-number-11545638195308066839/metadata.cq4t
[main] INFO net.openhft.chronicle.threads.DiskSpaceMonitor - Took 1.013 ms to pollDiskSpace for /home/peter/Build-All/queue-1706-findings-update-2026-09-17/benchmark-parent/last-sequence-number-11545638195308066839
[main] INFO net.openhft.chronicle.core.internal.announcer.InternalAnnouncer - Running under OpenJDK Runtime Environment 21.0.12+8-1-24.04-Ubuntu with 4 processors reported.
[main] INFO net.openhft.chronicle.core.internal.announcer.InternalAnnouncer - Leave your e-mail to get information about the latest releases and patches at https://chronicle.software/release-notes/
[main] INFO net.openhft.chronicle.core.internal.announcer.InternalAnnouncer - Process id: 7 :: Chronicle Queue (unknown)
[main] INFO net.openhft.chronicle.core.internal.announcer.InternalAnnouncer - Analytics: Chronicle Queue reports usage statistics. Learn more or turn off: https://github.com/OpenHFT/Chronicle-Queue/blob/ea/DISCLAIMER.adoc
filler of 65536 bytes written, alias period 65536
before warmup: population=10001 lastSequence=10000 indexSpacing=1048576 lastSparseAnchor=0 recordsAfterAnchor=10000
[main] INFO net.openhft.affinity.AffinityLock - Assigning cpu 31 to Thread[#1,main,5,main] on thread id 8
Warm up complete (100 iterations took 0.047 s)
after warmup / before run 1: population=10101 lastSequence=10100 indexSpacing=1048576 lastSparseAnchor=0 recordsAfterAnchor=10100
-------------------------------- BENCHMARK RESULTS (RUN 1) us --------------------------------------
Run time: 0.998 s, distribution: NORMAL
Correcting for co-ordinated:false
Target throughput:500/s = 1 message every 2000us
End to End: (500)                               50/90 99/99.9 99.99 - worst was 2.93 / 3.86  14.42 / 26.6  26.6 - 26.6
excerptsInCycle (501)                           50/90 99/99.9 99.99 - worst was 69.0 / 129.7  237.8 / 494  494 - 494
----------------------------------------------------------------------------------------------------
after run 1: population=10601 lastSequence=10600 indexSpacing=1048576 lastSparseAnchor=0 recordsAfterAnchor=10600
-------------------------------- BENCHMARK RESULTS (RUN 2) us --------------------------------------
Run time: 1.0 s, distribution: NORMAL
Correcting for co-ordinated:false
Target throughput:500/s = 1 message every 2000us
End to End: (500)                               50/90 99/99.9 99.99 - worst was 0.391 / 3.01  21.66 / 54.6  54.6 - 54.6
excerptsInCycle (500)                           50/90 99/99.9 99.99 - worst was 32.2 / 45.4  92.8 / 158.5  158.5 - 158.5
----------------------------------------------------------------------------------------------------
after run 2: population=11101 lastSequence=11100 indexSpacing=1048576 lastSparseAnchor=0 recordsAfterAnchor=11100
-------------------------------- BENCHMARK RESULTS (RUN 3) us --------------------------------------
Run time: 1.0 s, distribution: NORMAL
Correcting for co-ordinated:false
Target throughput:500/s = 1 message every 2000us
End to End: (500)                               50/90 99/99.9 99.99 - worst was 0.321 / 0.391  0.531 / 0.891  0.891 - 0.891
excerptsInCycle (500)                           50/90 99/99.9 99.99 - worst was 26.7 / 32.0  46.1 / 78.7  78.7 - 78.7
----------------------------------------------------------------------------------------------------
after run 3: population=11601 lastSequence=11600 indexSpacing=1048576 lastSparseAnchor=0 recordsAfterAnchor=11600
-------------------------------- SUMMARY (end to end) us -------------------------------------------
Percentile   run1         run2         run3      % Variation
50.0:            2.93         0.39         0.32        12.71
90.0:            3.86         3.01         0.39        81.74
99.0:           14.42        21.66         0.53        96.37
worst:          26.59        54.59         0.89        97.57
----------------------------------------------------------------------------------------------------
-------------------------------- SUMMARY (excerptsInCycle) us --------------------------------------
Percentile   run1         run2         run3      % Variation
50.0:           68.99        32.16        26.72        11.95
90.0:          129.66        45.38        32.03        21.74
99.0:          237.82        92.80        46.14        40.27
worst:         494.08       158.46        78.72        40.31
----------------------------------------------------------------------------------------------------
##teamcity[buildStatisticValue key='LastSequenceNumberJLBHBenchmark.end-to-end.0.5.java17' value='0.3205']
##teamcity[buildStatisticValue key='LastSequenceNumberJLBHBenchmark.end-to-end.0.9.java17' value='0.3905']
##teamcity[buildStatisticValue key='LastSequenceNumberJLBHBenchmark.end-to-end.0.99.java17' value='0.531']
##teamcity[buildStatisticValue key='LastSequenceNumberJLBHBenchmark.end-to-end.1.0.java17' value='0.891']
##teamcity[buildStatisticValue key='LastSequenceNumberJLBHBenchmark.excerptsInCycle.0.5.java17' value='26.72']
##teamcity[buildStatisticValue key='LastSequenceNumberJLBHBenchmark.excerptsInCycle.0.9.java17' value='32.032']
##teamcity[buildStatisticValue key='LastSequenceNumberJLBHBenchmark.excerptsInCycle.0.99.java17' value='46.144']
##teamcity[buildStatisticValue key='LastSequenceNumberJLBHBenchmark.excerptsInCycle.1.0.java17' value='78.72']
[main] INFO net.openhft.affinity.LockInventory - Releasing cpu 31 from Thread[#1,main,5,main]
