[main] INFO net.openhft.chronicle.core.Jvm - Chronicle core loaded from file:/home/peter/.m2/repository/net/openhft/chronicle-core/2026.7-SNAPSHOT/chronicle-core-2026.7-SNAPSHOT.jar
revision=58e19d8c1af715a09da0a8efc6a13e611e40fed1 directory=/home/peter/Build-All/queue-1706-findings-update-2026-09-17/benchmark-parent/last-sequence-number-1143699685255667697 filesystem=ext4
java=21.0.12+8-1-24.04-Ubuntu vm=OpenJDK 64-Bit Server VM os=Linux arch=amd64 processors=4
jvmOptions=[-XX:ActiveProcessorCount=4, --add-exports=java.base/jdk.internal.misc=ALL-UNNAMED, --add-exports=java.base/jdk.internal.ref=ALL-UNNAMED, --add-exports=java.base/jdk.internal.util=ALL-UNNAMED, --add-exports=java.base/sun.nio.ch=ALL-UNNAMED, --add-exports=jdk.compiler/com.sun.tools.javac.file=ALL-UNNAMED, --add-exports=jdk.unsupported/sun.misc=ALL-UNNAMED, --add-opens=java.base/java.io=ALL-UNNAMED, --add-opens=java.base/java.lang=ALL-UNNAMED, --add-opens=java.base/java.lang.reflect=ALL-UNNAMED, --add-opens=java.base/java.util=ALL-UNNAMED, --add-opens=jdk.compiler/com.sun.tools.javac=ALL-UNNAMED, -Drevision=58e19d8c1af715a09da0a8efc6a13e611e40fed1, -Dpath=/home/peter/Build-All/queue-1706-findings-update-2026-09-17/benchmark-parent, -Dappenders=1, -Drecords=10000, -Diterations=500, -Dthroughput=500, -Druns=3, -DwarmUp=100]
rollCycle=HUGE_DAILY_XSPARSE initiallySmallRecords=10000 appenders=1 iterations=500 throughput=500 runs=3 warmUp=100
[main] INFO net.openhft.chronicle.bytes.PageUtil - Found pageSize=2,097,152 for mount point '/dev/hugepages'
[main] INFO net.openhft.chronicle.bytes.internal.ChunkedMappedFile - Took 6 ms to add mapping for /home/peter/Build-All/queue-1706-findings-update-2026-09-17/benchmark-parent/last-sequence-number-1143699685255667697/metadata.cq4t
[main] INFO net.openhft.chronicle.threads.DiskSpaceMonitor - Took 1.004 ms to pollDiskSpace for /home/peter/Build-All/queue-1706-findings-update-2026-09-17/benchmark-parent/last-sequence-number-1143699685255667697
[main] INFO net.openhft.chronicle.core.internal.announcer.InternalAnnouncer - Running under OpenJDK Runtime Environment 21.0.12+8-1-24.04-Ubuntu with 4 processors reported.
[main] INFO net.openhft.chronicle.core.internal.announcer.InternalAnnouncer - Leave your e-mail to get information about the latest releases and patches at https://chronicle.software/release-notes/
[main] INFO net.openhft.chronicle.core.internal.announcer.InternalAnnouncer - Process id: 112 :: Chronicle Queue (unknown)
[main] INFO net.openhft.chronicle.core.internal.announcer.InternalAnnouncer - Analytics: Chronicle Queue reports usage statistics. Learn more or turn off: https://github.com/OpenHFT/Chronicle-Queue/blob/ea/DISCLAIMER.adoc
filler of 65536 bytes written, alias period 65536
before warmup: population=10001 lastSequence=10000 indexSpacing=1048576 lastSparseAnchor=0 recordsAfterAnchor=10000
[main] INFO net.openhft.affinity.AffinityLock - Assigning cpu 31 to Thread[#1,main,5,main] on thread id 113
Warm up complete (100 iterations took 0.048 s)
after warmup / before run 1: population=10101 lastSequence=10100 indexSpacing=1048576 lastSparseAnchor=0 recordsAfterAnchor=10100
-------------------------------- BENCHMARK RESULTS (RUN 1) us --------------------------------------
Run time: 0.998 s, distribution: NORMAL
Correcting for co-ordinated:false
Target throughput:500/s = 1 message every 2000us
End to End: (500)                               50/90 99/99.9 99.99 - worst was 3.04 / 3.87  13.68 / 29.3  29.3 - 29.3
excerptsInCycle (501)                           50/90 99/99.9 99.99 - worst was 70.5 / 125.1  238.8 / 492  492 - 492
----------------------------------------------------------------------------------------------------
after run 1: population=10601 lastSequence=10600 indexSpacing=1048576 lastSparseAnchor=0 recordsAfterAnchor=10600
-------------------------------- BENCHMARK RESULTS (RUN 2) us --------------------------------------
Run time: 1.0 s, distribution: NORMAL
Correcting for co-ordinated:false
Target throughput:500/s = 1 message every 2000us
End to End: (500)                               50/90 99/99.9 99.99 - worst was 0.441 / 3.07  20.51 / 47.4  47.4 - 47.4
excerptsInCycle (500)                           50/90 99/99.9 99.99 - worst was 33.0 / 54.5  96.1 / 145.2  145.2 - 145.2
----------------------------------------------------------------------------------------------------
after run 2: population=11101 lastSequence=11100 indexSpacing=1048576 lastSparseAnchor=0 recordsAfterAnchor=11100
-------------------------------- BENCHMARK RESULTS (RUN 3) us --------------------------------------
Run time: 1.0 s, distribution: NORMAL
Correcting for co-ordinated:false
Target throughput:500/s = 1 message every 2000us
End to End: (500)                               50/90 99/99.9 99.99 - worst was 0.370 / 0.541  0.781 / 0.891  0.891 - 0.891
excerptsInCycle (500)                           50/90 99/99.9 99.99 - worst was 27.4 / 32.7  46.8 / 230.7  230.7 - 230.7
----------------------------------------------------------------------------------------------------
after run 3: population=11601 lastSequence=11600 indexSpacing=1048576 lastSparseAnchor=0 recordsAfterAnchor=11600
-------------------------------- SUMMARY (end to end) us -------------------------------------------
Percentile   run1         run2         run3      % Variation
50.0:            3.04         0.44         0.37        11.19
90.0:            3.87         3.07         0.54        75.69
99.0:           13.68        20.51         0.78        94.40
worst:          29.34        47.42         0.89        97.21
----------------------------------------------------------------------------------------------------
-------------------------------- SUMMARY (excerptsInCycle) us --------------------------------------
Percentile   run1         run2         run3      % Variation
50.0:           70.53        32.96        27.36        12.01
90.0:          125.06        54.46        32.74        30.68
99.0:          238.85        96.13        46.78        41.29
worst:         492.03       145.15       230.66        28.20
----------------------------------------------------------------------------------------------------
##teamcity[buildStatisticValue key='LastSequenceNumberJLBHBenchmark.end-to-end.0.5.java17' value='0.3705']
##teamcity[buildStatisticValue key='LastSequenceNumberJLBHBenchmark.end-to-end.0.9.java17' value='0.541']
##teamcity[buildStatisticValue key='LastSequenceNumberJLBHBenchmark.end-to-end.0.99.java17' value='0.781']
##teamcity[buildStatisticValue key='LastSequenceNumberJLBHBenchmark.end-to-end.1.0.java17' value='0.891']
##teamcity[buildStatisticValue key='LastSequenceNumberJLBHBenchmark.excerptsInCycle.0.5.java17' value='27.36']
##teamcity[buildStatisticValue key='LastSequenceNumberJLBHBenchmark.excerptsInCycle.0.9.java17' value='32.736']
##teamcity[buildStatisticValue key='LastSequenceNumberJLBHBenchmark.excerptsInCycle.0.99.java17' value='46.784']
##teamcity[buildStatisticValue key='LastSequenceNumberJLBHBenchmark.excerptsInCycle.1.0.java17' value='230.656']
[main] INFO net.openhft.affinity.LockInventory - Releasing cpu 31 from Thread[#1,main,5,main]
