[main] INFO net.openhft.chronicle.core.Jvm - Chronicle core loaded from file:/home/peter/.m2/repository/net/openhft/chronicle-core/2026.7-SNAPSHOT/chronicle-core-2026.7-SNAPSHOT.jar
revision=b8665fc4b2982925d073b5fa018cb80876a67bdd directory=/home/peter/Build-All/queue-1706-findings-update-2026-09-17/benchmark-parent/last-sequence-number-3132474002344256665 filesystem=ext4
java=21.0.12+8-1-24.04-Ubuntu vm=OpenJDK 64-Bit Server VM os=Linux arch=amd64 processors=4
jvmOptions=[-XX:ActiveProcessorCount=4, --add-exports=java.base/jdk.internal.misc=ALL-UNNAMED, --add-exports=java.base/jdk.internal.ref=ALL-UNNAMED, --add-exports=java.base/jdk.internal.util=ALL-UNNAMED, --add-exports=java.base/sun.nio.ch=ALL-UNNAMED, --add-exports=jdk.compiler/com.sun.tools.javac.file=ALL-UNNAMED, --add-exports=jdk.unsupported/sun.misc=ALL-UNNAMED, --add-opens=java.base/java.io=ALL-UNNAMED, --add-opens=java.base/java.lang=ALL-UNNAMED, --add-opens=java.base/java.lang.reflect=ALL-UNNAMED, --add-opens=java.base/java.util=ALL-UNNAMED, --add-opens=jdk.compiler/com.sun.tools.javac=ALL-UNNAMED, -Drevision=b8665fc4b2982925d073b5fa018cb80876a67bdd, -Dpath=/home/peter/Build-All/queue-1706-findings-update-2026-09-17/benchmark-parent, -Dappenders=1, -Drecords=10000, -Diterations=500, -Dthroughput=500, -Druns=3, -DwarmUp=100]
rollCycle=HUGE_DAILY_XSPARSE initiallySmallRecords=10000 appenders=1 iterations=500 throughput=500 runs=3 warmUp=100
[main] INFO net.openhft.chronicle.bytes.PageUtil - Found pageSize=2,097,152 for mount point '/dev/hugepages'
[main] INFO net.openhft.chronicle.bytes.internal.ChunkedMappedFile - Took 5 ms to add mapping for /home/peter/Build-All/queue-1706-findings-update-2026-09-17/benchmark-parent/last-sequence-number-3132474002344256665/metadata.cq4t
[main] INFO net.openhft.chronicle.threads.DiskSpaceMonitor - Took 1.066 ms to pollDiskSpace for /home/peter/Build-All/queue-1706-findings-update-2026-09-17/benchmark-parent/last-sequence-number-3132474002344256665
[main] INFO net.openhft.chronicle.core.internal.announcer.InternalAnnouncer - Running under OpenJDK Runtime Environment 21.0.12+8-1-24.04-Ubuntu with 4 processors reported.
[main] INFO net.openhft.chronicle.core.internal.announcer.InternalAnnouncer - Leave your e-mail to get information about the latest releases and patches at https://chronicle.software/release-notes/
[main] INFO net.openhft.chronicle.core.internal.announcer.InternalAnnouncer - Process id: 61 :: Chronicle Queue (unknown)
[main] INFO net.openhft.chronicle.core.internal.announcer.InternalAnnouncer - Analytics: Chronicle Queue reports usage statistics. Learn more or turn off: https://github.com/OpenHFT/Chronicle-Queue/blob/ea/DISCLAIMER.adoc
filler of 65536 bytes written, alias period 65536
before warmup: population=10001 lastSequence=10000 indexSpacing=1048576 lastSparseAnchor=0 recordsAfterAnchor=10000
[main] INFO net.openhft.affinity.AffinityLock - Assigning cpu 31 to Thread[#1,main,5,main] on thread id 62
Warm up complete (100 iterations took 0.061 s)
after warmup / before run 1: population=10101 lastSequence=10100 indexSpacing=1048576 lastSparseAnchor=0 recordsAfterAnchor=10100
-------------------------------- BENCHMARK RESULTS (RUN 1) us --------------------------------------
Run time: 0.999 s, distribution: NORMAL
Correcting for co-ordinated:false
Target throughput:500/s = 1 message every 2000us
End to End: (500)                               50/90 99/99.9 99.99 - worst was 51.5 / 53.3  95.6 / 96.1  96.1 - 96.1
excerptsInCycle (501)                           50/90 99/99.9 99.99 - worst was 132.9 / 197.4  312 / 546  546 - 546
----------------------------------------------------------------------------------------------------
after run 1: population=10601 lastSequence=10600 indexSpacing=1048576 lastSparseAnchor=0 recordsAfterAnchor=10600
-------------------------------- BENCHMARK RESULTS (RUN 2) us --------------------------------------
Run time: 1.0 s, distribution: NORMAL
Correcting for co-ordinated:false
Target throughput:500/s = 1 message every 2000us
End to End: (500)                               50/90 99/99.9 99.99 - worst was 53.1 / 55.0  99.2 / 111.5  111.5 - 111.5
excerptsInCycle (500)                           50/90 99/99.9 99.99 - worst was 92.5 / 109.7  176.4 / 327  327 - 327
----------------------------------------------------------------------------------------------------
after run 2: population=11101 lastSequence=11100 indexSpacing=1048576 lastSparseAnchor=0 recordsAfterAnchor=11100
-------------------------------- BENCHMARK RESULTS (RUN 3) us --------------------------------------
Run time: 1.0 s, distribution: NORMAL
Correcting for co-ordinated:false
Target throughput:500/s = 1 message every 2000us
End to End: (500)                               50/90 99/99.9 99.99 - worst was 55.2 / 56.6  102.3 / 104.3  104.3 - 104.3
excerptsInCycle (500)                           50/90 99/99.9 99.99 - worst was 87.9 / 105.1  134.9 / 402  402 - 402
----------------------------------------------------------------------------------------------------
after run 3: population=11601 lastSequence=11600 indexSpacing=1048576 lastSparseAnchor=0 recordsAfterAnchor=11600
-------------------------------- SUMMARY (end to end) us -------------------------------------------
Percentile   run1         run2         run3      % Variation
50.0:           51.52        53.06        55.23         2.66
90.0:           53.31        54.98        56.64         1.98
99.0:           95.62        99.20       102.27         2.02
worst:          96.13       111.49       104.32         4.38
----------------------------------------------------------------------------------------------------
-------------------------------- SUMMARY (excerptsInCycle) us --------------------------------------
Percentile   run1         run2         run3      % Variation
50.0:          132.86        92.54        87.94         3.38
90.0:          197.38       109.70       105.09         2.84
99.0:          311.81       176.38       134.91        17.01
worst:         545.79       327.17       401.92        13.22
----------------------------------------------------------------------------------------------------
##teamcity[buildStatisticValue key='LastSequenceNumberJLBHBenchmark.end-to-end.0.5.java17' value='55.232']
##teamcity[buildStatisticValue key='LastSequenceNumberJLBHBenchmark.end-to-end.0.9.java17' value='56.64']
##teamcity[buildStatisticValue key='LastSequenceNumberJLBHBenchmark.end-to-end.0.99.java17' value='102.272']
##teamcity[buildStatisticValue key='LastSequenceNumberJLBHBenchmark.end-to-end.1.0.java17' value='104.32']
##teamcity[buildStatisticValue key='LastSequenceNumberJLBHBenchmark.excerptsInCycle.0.5.java17' value='87.936']
##teamcity[buildStatisticValue key='LastSequenceNumberJLBHBenchmark.excerptsInCycle.0.9.java17' value='105.088']
##teamcity[buildStatisticValue key='LastSequenceNumberJLBHBenchmark.excerptsInCycle.0.99.java17' value='134.912']
##teamcity[buildStatisticValue key='LastSequenceNumberJLBHBenchmark.excerptsInCycle.1.0.java17' value='401.92']
[main] INFO net.openhft.affinity.LockInventory - Releasing cpu 31 from Thread[#1,main,5,main]
